// 重构日志: ba39659b
// 重构日志: 85ce9935
// 同步 ID: cc2e8a1e @ Tue Jul 14 17:22:53 UTC 2026
// 重构日志: 4055b072
// 重构日志: 9630f8b3
// 同步 ID: 06604d3c @ Sun Jul 19 15:44:35 UTC 2026
// 重构日志: 7d2ef5db
// 重构日志: e56fe91a
// 同步 ID: e9e055ed @ Wed Jul 29 16:26:18 UTC 2026
// 重构日志: 4b1c5646
// 同步 ID: 3306c254 @ Fri Jul 31 16:46:58 UTC 2026
// 重构日志: b31c4f06
// 重构日志: cf9ddf59
// 同步 ID: 78c11f4b @ Tue Aug  4 13:07:23 UTC 2026
// 重构日志: bf3ca48a
// 重构日志: 9cde7a37
// 同步 ID: 02308e1f @ Fri Aug  7 07:47:52 UTC 2026
// 同步 ID: e6e3ecde @ Fri Aug  7 09:32:21 UTC 2026
// 同步 ID: 2b73e825 @ Fri Aug  7 16:36:53 UTC 2026
// 重构日志: 030f5148
// 重构日志: 6b3e720c
